SQL> connect adrian
ERROR:
ORA-01017: invalid username/password; logon denied 


SQL> connect adrian
Conectado.
SQL> set linesize 200
SQL> set pagesize 200
SQL>  drop table medicamentos;

Tabla borrada.

SQL> crear nuevamente la tabla
SP2-0734: inicio "crear nuev..." de comando desconocido - resto de la línea ignorado.
SQL>   create table medicamentos(
  2    codigo number(5),
  3    nombre varchar2(20),
  4    laboratorio varchar2(20),
  5    precio number(6,2),
  6    cantidad number(3),
  7    fechavencimiento date not null,
  8    numerolote number(6) default null,
  9    primary key(codigo)
 10   );

Tabla creada.

SQL>  insert into medicamentos
  2    values(120,'Sertal','Roche',5.2,1,to_date('01/02/2015','dd/mm/yyyy'),123456);

1 fila creada.

SQL>  insert into medicamentos
  2    values(220,'Buscapina','Roche',4.10,3,to_date('01/02/2016','dd/mm/yyyy'),null);

1 fila creada.

SQL>  insert into medicamentos
  2    values(228,'Amoxidal 500','Bayer',15.60,100,to_date('01/05/2017','dd/mm/yyyy'),232566);

1 fila creada.

SQL>  insert into medicamentos
  2    values(324,'Paracetamol 500','Bago',1.90,20,to_date('01/02/2018','dd/mm/yyyy'),null);

1 fila creada.

SQL>  insert into medicamentos
  2    values(587,'Bayaspirina',null,2.10,null,to_date('01/12/2019','dd/mm/yyyy'),556999);

1 fila creada.

SQL>  insert into medicamentos
  2    values(789,'Amoxidal jarabe','Bayer',null,null,to_date('15/12/2019','dd/mm/yyyy'),null);

1 fila creada.

SQL> select * from medicamentos;

    CODIGO NOMBRE               LABORATORIO              PRECIO   CANTIDAD FECHAVEN NUMEROLOTE                                                                                                          
---------- -------------------- -------------------- ---------- ---------- -------- ----------                                                                                                          
       120 Sertal               Roche                       5,2          1 01/02/15     123456                                                                                                          
       220 Buscapina            Roche                       4,1          3 01/02/16                                                                                                                     
       228 Amoxidal 500         Bayer                      15,6        100 01/05/17     232566                                                                                                          
       324 Paracetamol 500      Bago                        1,9         20 01/02/18                                                                                                                     
       587 Bayaspirina                                      2,1            01/12/19     556999                                                                                                          
       789 Amoxidal jarabe      Bayer                                      15/12/19                                                                                                                     

6 filas seleccionadas.

SQL> select count(*) from medicamentos;

  COUNT(*)                                                                                                                                                                                              
----------                                                                                                                                                                                              
         6                                                                                                                                                                                              

SQL> rem conteo de registros
SQL> select count(*) as cantidad from medicamentos;

  CANTIDAD                                                                                                                                                                                              
----------                                                                                                                                                                                              
         6                                                                                                                                                                                              

SQL> select count(laboratorio) as cantidad from medicamentos
  2  ;

  CANTIDAD                                                                                                                                                                                              
----------                                                                                                                                                                                              
         5                                                                                                                                                                                              

SQL> select * from medicamentos;

    CODIGO NOMBRE               LABORATORIO              PRECIO   CANTIDAD FECHAVEN NUMEROLOTE                                                                                                          
---------- -------------------- -------------------- ---------- ---------- -------- ----------                                                                                                          
       120 Sertal               Roche                       5,2          1 01/02/15     123456                                                                                                          
       220 Buscapina            Roche                       4,1          3 01/02/16                                                                                                                     
       228 Amoxidal 500         Bayer                      15,6        100 01/05/17     232566                                                                                                          
       324 Paracetamol 500      Bago                        1,9         20 01/02/18                                                                                                                     
       587 Bayaspirina                                      2,1            01/12/19     556999                                                                                                          
       789 Amoxidal jarabe      Bayer                                      15/12/19                                                                                                                     

6 filas seleccionadas.

SQL> select count (precio) as precio_cantidad, count(cantidad) as con_cantidad from medicamentos;

PRECIO_CANTIDAD CON_CANTIDAD                                                                                                                                                                            
--------------- ------------                                                                                                                                                                            
              5            4                                                                                                                                                                            

SQL> drop table empleado;
drop table empleado
           *
ERROR en línea 1:
ORA-00942: la tabla o vista no existe 


SQL> 
SQL>  create table empleados(
  2    nombre varchar2(30),
  3    documento char(8),
  4    domicilio varchar2(30),
  5    seccion varchar2(20),
  6    sueldo number(6,2),
  7    cantidadhijos number(2),
  8    fechaingreso date,
  9    primary key(documento)
 10   );
 create table empleados(
              *
ERROR en línea 1:
ORA-00955: este nombre ya lo está utilizando otro objeto existente 


SQL> 
SQL> 
SQL>  insert into empleados
  2    values('Juan Perez','22333444','Colon 123','Gerencia',5000,2,to_date('10/10/1980','dd/mm/yyyy'));
 insert into empleados
             *
ERROR en línea 1:
ORA-00913: demasiados valores 


SQL>  insert into empleados
  2    values('Ana Acosta','23444555','Caseros 987','Secretaria',2000,0,to_date('15/08/1998','dd/mm/yyyy'));
 insert into empleados
             *
ERROR en línea 1:
ORA-00913: demasiados valores 


SQL>  insert into empleados
  2    values('Lucas Duarte','25666777','Sucre 235','Sistemas',4000,1,null);
 insert into empleados
             *
ERROR en línea 1:
ORA-00913: demasiados valores 


SQL>  insert into empleados
  2    values('Pamela Gonzalez','26777888','Sarmiento 873','Secretaria',2200,3,null);
 insert into empleados
             *
ERROR en línea 1:
ORA-00913: demasiados valores 


SQL>  insert into empleados
  2    values('Marcos Juarez','30000111','Rivadavia 801','Contaduria',3000,0,to_date('26/08/2000','dd/mm/yyyy'));
 insert into empleados
             *
ERROR en línea 1:
ORA-00913: demasiados valores 


SQL>  insert into empleados
  2    values('Yolanda Perez','35111222','Colon 180','Administracion',3200,1,to_date('25/09/2001','dd/mm/yyyy'));
 insert into empleados
             *
ERROR en línea 1:
ORA-00913: demasiados valores 


SQL>  insert into empleados
  2    values('Rodolfo Perez','35555888','Coronel Olmedo 588','Sistemas',4000,3,null);
 insert into empleados
             *
ERROR en línea 1:
ORA-00913: demasiados valores 


SQL>  insert into empleados
  2    values('Martina Rodriguez','30141414','Sarmiento 1234','Administracion',3800,4,to_date('14/12/2000','dd/mm/yyyy'));
 insert into empleados
             *
ERROR en línea 1:
ORA-00913: demasiados valores 


SQL>  insert into empleados
  2    values('Andres Costa','28444555',default,'Secretaria',null,null,to_date('08/08/1990','dd/mm/yyyy'));
 insert into empleados
             *
ERROR en línea 1:
ORA-00913: demasiados valores 


SQL> drop table empleados;

Tabla borrada.

SQL> drop table empleado;
drop table empleado
           *
ERROR en línea 1:
ORA-00942: la tabla o vista no existe 


SQL> 
SQL>  create table empleados(
  2    nombre varchar2(30),
  3    documento char(8),
  4    domicilio varchar2(30),
  5    seccion varchar2(20),
  6    sueldo number(6,2),
  7    cantidadhijos number(2),
  8    fechaingreso date,
  9    primary key(documento)
 10   );

Tabla creada.

SQL> 
SQL> 
SQL>  insert into empleados
  2    values('Juan Perez','22333444','Colon 123','Gerencia',5000,2,to_date('10/10/1980','dd/mm/yyyy'));

1 fila creada.

SQL>  insert into empleados
  2    values('Ana Acosta','23444555','Caseros 987','Secretaria',2000,0,to_date('15/08/1998','dd/mm/yyyy'));

1 fila creada.

SQL>  insert into empleados
  2    values('Lucas Duarte','25666777','Sucre 235','Sistemas',4000,1,null);

1 fila creada.

SQL>  insert into empleados
  2    values('Pamela Gonzalez','26777888','Sarmiento 873','Secretaria',2200,3,null);

1 fila creada.

SQL>  insert into empleados
  2    values('Marcos Juarez','30000111','Rivadavia 801','Contaduria',3000,0,to_date('26/08/2000','dd/mm/yyyy'));

1 fila creada.

SQL>  insert into empleados
  2    values('Yolanda Perez','35111222','Colon 180','Administracion',3200,1,to_date('25/09/2001','dd/mm/yyyy'));

1 fila creada.

SQL>  insert into empleados
  2    values('Rodolfo Perez','35555888','Coronel Olmedo 588','Sistemas',4000,3,null);

1 fila creada.

SQL>  insert into empleados
  2    values('Martina Rodriguez','30141414','Sarmiento 1234','Administracion',3800,4,to_date('14/12/2000','dd/mm/yyyy'));

1 fila creada.

SQL>  insert into empleados
  2    values('Andres Costa','28444555',default,'Secretaria',null,null,to_date('08/08/1990','dd/mm/yyyy'));

1 fila creada.

SQL> select * from empleados;

NOMBRE                         DOCUMENT DOMICILIO                      SECCION                  SUELDO CANTIDADHIJOS FECHAING                                                                           
------------------------------ -------- ------------------------------ -------------------- ---------- ------------- --------                                                                           
Juan Perez                     22333444 Colon 123                      Gerencia                   5000             2 10/10/80                                                                           
Ana Acosta                     23444555 Caseros 987                    Secretaria                 2000             0 15/08/98                                                                           
Lucas Duarte                   25666777 Sucre 235                      Sistemas                   4000             1                                                                                    
Pamela Gonzalez                26777888 Sarmiento 873                  Secretaria                 2200             3                                                                                    
Marcos Juarez                  30000111 Rivadavia 801                  Contaduria                 3000             0 26/08/00                                                                           
Yolanda Perez                  35111222 Colon 180                      Administracion             3200             1 25/09/01                                                                           
Rodolfo Perez                  35555888 Coronel Olmedo 588             Sistemas                   4000             3                                                                                    
Martina Rodriguez              30141414 Sarmiento 1234                 Administracion             3800             4 14/12/00                                                                           
Andres Costa                   28444555                                Secretaria                                    08/08/90                                                                           

9 filas seleccionadas.

SQL> select max (sueldo), count (sueldo) from empleados;

MAX(SUELDO) COUNT(SUELDO)                                                                                                                                                                               
----------- -------------                                                                                                                                                                               
       5000             8                                                                                                                                                                               

SQL> select max (sueldo), count (sueldo) from empleados group by sueldo;

MAX(SUELDO) COUNT(SUELDO)                                                                                                                                                                               
----------- -------------                                                                                                                                                                               
       5000             1                                                                                                                                                                               
       4000             2                                                                                                                                                                               
                        0                                                                                                                                                                               
       3800             1                                                                                                                                                                               
       2000             1                                                                                                                                                                               
       2200             1                                                                                                                                                                               
       3000             1                                                                                                                                                                               
       3200             1                                                                                                                                                                               

8 filas seleccionadas.

SQL> select max (sueldo), count (sueldo) as "Mayor sueldo" from empleados;

MAX(SUELDO) Mayor sueldo                                                                                                                                                                                
----------- ------------                                                                                                                                                                                
       5000            8                                                                                                                                                                                

SQL> select max (sueldo) as "Mayor sueldo" from empleados;

Mayor sueldo                                                                                                                                                                                            
------------                                                                                                                                                                                            
        5000                                                                                                                                                                                            

SQL> select min (sueldo) as "Menor sueldo" from empleados;

Menor sueldo                                                                                                                                                                                            
------------                                                                                                                                                                                            
        2000                                                                                                                                                                                            

SQL> select max (cantidadhijos) as "Hijos" from empleados
  2  where nombre like '%Perez%';

     Hijos                                                                                                                                                                                              
----------                                                                                                                                                                                              
         3                                                                                                                                                                                              

SQL> select nombre, max (cantidadhijos) as "Hijos" from empleados where nombre like '%Perez%';
select nombre, max (cantidadhijos) as "Hijos" from empleados where nombre like '%Perez%'
       *
ERROR en línea 1:
ORA-00937: la función de grupo no es de grupo único 


SQL> select max (cantidadhijos) as "Hijos" from empleados where nombre like '%Perez%';

     Hijos                                                                                                                                                                                              
----------                                                                                                                                                                                              
         3                                                                                                                                                                                              

SQL> select nombre, max (cantidadhijos) as "Hijos" from empleados where nombre like '%Perez%' group by nombre;

NOMBRE                              Hijos                                                                                                                                                               
------------------------------ ----------                                                                                                                                                               
Yolanda Perez                           1                                                                                                                                                               
Juan Perez                              2                                                                                                                                                               
Rodolfo Perez                           3                                                                                                                                                               

SQL> SELECT nombre, MAX(cantidadhijos) as "Hijos"
  2  FROM empleados
  3  WHERE nombre LIKE '%Perez%'
  4  GROUP BY nombre;

NOMBRE                              Hijos                                                                                                                                                               
------------------------------ ----------                                                                                                                                                               
Yolanda Perez                           1                                                                                                                                                               
Juan Perez                              2                                                                                                                                                               
Rodolfo Perez                           3                                                                                                                                                               

SQL> select * from empleados;

NOMBRE                         DOCUMENT DOMICILIO                      SECCION                  SUELDO CANTIDADHIJOS FECHAING                                                                           
------------------------------ -------- ------------------------------ -------------------- ---------- ------------- --------                                                                           
Juan Perez                     22333444 Colon 123                      Gerencia                   5000             2 10/10/80                                                                           
Ana Acosta                     23444555 Caseros 987                    Secretaria                 2000             0 15/08/98                                                                           
Lucas Duarte                   25666777 Sucre 235                      Sistemas                   4000             1                                                                                    
Pamela Gonzalez                26777888 Sarmiento 873                  Secretaria                 2200             3                                                                                    
Marcos Juarez                  30000111 Rivadavia 801                  Contaduria                 3000             0 26/08/00                                                                           
Yolanda Perez                  35111222 Colon 180                      Administracion             3200             1 25/09/01                                                                           
Rodolfo Perez                  35555888 Coronel Olmedo 588             Sistemas                   4000             3                                                                                    
Martina Rodriguez              30141414 Sarmiento 1234                 Administracion             3800             4 14/12/00                                                                           
Andres Costa                   28444555                                Secretaria                                    08/08/90                                                                           

9 filas seleccionadas.

SQL> select avg(salario) from empleados;
select avg(salario) from empleados
           *
ERROR en línea 1:
ORA-00904: "SALARIO": identificador no válido 


SQL> select avg(sueldo) from empleados;

AVG(SUELDO)                                                                                                                                                                                             
-----------                                                                                                                                                                                             
       3400                                                                                                                                                                                             

SQL> select sum(sueldo) from empleados;

SUM(SUELDO)                                                                                                                                                                                             
-----------                                                                                                                                                                                             
      27200                                                                                                                                                                                             

SQL> select sum(sueldo) from empleados here seccion in ('Sistemas');
select sum(sueldo) from empleados here seccion in ('Sistemas')
                                       *
ERROR en línea 1:
ORA-00933: comando SQL no terminado correctamente 


SQL> select sum(sueldo) from empleados where seccion in ('Sistemas');

SUM(SUELDO)                                                                                                                                                                                             
-----------                                                                                                                                                                                             
       8000                                                                                                                                                                                             

SQL> create table visitantes(
  2    nombre varchar2(30),
  3    edad number(2),
  4    sexo char(1) default 'f',
  5    domicilio varchar2(30),
  6    ciudad varchar2(20) default 'Cordoba',
  7    telefono varchar2(11),
  8    mail varchar2(30) default 'no tiene',
  9    montocompra number(6,2)
 10   );
create table visitantes(
             *
ERROR en línea 1:
ORA-00955: este nombre ya lo está utilizando otro objeto existente 


SQL> 
SQL>  insert into visitantes
  2    values ('Susana Molina',35,default,'Colon 123',default,null,null,59.80);
 insert into visitantes
             *
ERROR en línea 1:
ORA-00913: demasiados valores 


SQL>  insert into visitantes
  2    values ('Marcos Torres',29,'m',default,'Carlos Paz',default,'marcostorres@hotmail.com',150.50);
 insert into visitantes
             *
ERROR en línea 1:
ORA-00913: demasiados valores 


SQL>  insert into visitantes
  2    values ('Mariana Juarez',45,default,default,'Carlos Paz',null,default,23.90);
 insert into visitantes
             *
ERROR en línea 1:
ORA-00913: demasiados valores 


SQL>  insert into visitantes (nombre, edad,sexo,telefono, mail)
  2    values ('Fabian Perez',36,'m','4556677','fabianperez@xaxamail.com');
 insert into visitantes (nombre, edad,sexo,telefono, mail)
                                                     *
ERROR en línea 1:
ORA-00904: "MAIL": identificador no válido 


SQL>  insert into visitantes (nombre, ciudad, montocompra)
  2    values ('Alejandra Gonzalez','La Falda',280.50);

1 fila creada.

SQL>  insert into visitantes (nombre, edad,sexo, ciudad, mail,montocompra)
  2    values ('Gaston Perez',29,'m','Carlos Paz','gastonperez1@gmail.com',95.40);
 insert into visitantes (nombre, edad,sexo, ciudad, mail,montocompra)
                                                    *
ERROR en línea 1:
ORA-00904: "MAIL": identificador no válido 


SQL>  insert into visitantes
  2    values ('Liliana Torres',40,default,'Sarmiento 876',default,default,default,85);
 insert into visitantes
             *
ERROR en línea 1:
ORA-00913: demasiados valores 


SQL>  insert into visitantes
  2    values ('Gabriela Duarte',21,null,null,'Rio Tercero',default,'gabrielaltorres@hotmail.com',321.50);
 insert into visitantes
             *
ERROR en línea 1:
ORA-00913: demasiados valores 


SQL> select *
  2  from visitantes
  3  ;

NOMBRE                               EDAD S DOMICILIO                      CIUDAD               TELEFONO    MONTOCOMPRA                                                                                 
------------------------------ ---------- - ------------------------------ -------------------- ----------- -----------                                                                                 
Susana Molina                          28 f                                Cordoba                                 45,5                                                                                 
Marcela Mercado                        36 f Avellaneda 345                 Cordoba              4545454            22,4                                                                                 
Alberto Garcia                         35 m Gral. Paz 123                  Alta Gracia          03547123456          25                                                                                 
Teresa Garcia                          33 f                                Alta Gracia          03547123456         120                                                                                 
Roberto Perez                          45 m Urquiza 335                    Cordoba              4123456            33,2                                                                                 
Marina Torres                          22 f Colon 222                      Villa Dolores        03544112233          95                                                                                 
Julieta Gomez                          24 f San Martin 333                 Alta Gracia                             53,5                                                                                 
Roxana Lopez                           20 f null                           Alta Gracia                              240                                                                                 
Liliana Garcia                         50 f Paso 999                       Cordoba              4588778              48                                                                                 
Juan Torres                            43 m Sarmiento 876                  Cordoba                                 15,3                                                                                 
Alejandra Gonzalez                                                         La Falda                               280,5                                                                                 

11 filas seleccionadas.

SQL> drop table visitantes;

Tabla borrada.

SQL> create table visitantes(
  2    nombre varchar2(30),
  3    edad number(2),
  4    sexo char(1) default 'f',
  5    domicilio varchar2(30),
  6    ciudad varchar2(20) default 'Cordoba',
  7    telefono varchar2(11),
  8    mail varchar2(30) default 'no tiene',
  9    montocompra number(6,2)
 10   );

Tabla creada.

SQL> 
SQL>  insert into visitantes
  2    values ('Susana Molina',35,default,'Colon 123',default,null,null,59.80);

1 fila creada.

SQL>  insert into visitantes
  2    values ('Marcos Torres',29,'m',default,'Carlos Paz',default,'marcostorres@hotmail.com',150.50);

1 fila creada.

SQL>  insert into visitantes
  2    values ('Mariana Juarez',45,default,default,'Carlos Paz',null,default,23.90);

1 fila creada.

SQL>  insert into visitantes (nombre, edad,sexo,telefono, mail)
  2    values ('Fabian Perez',36,'m','4556677','fabianperez@xaxamail.com');

1 fila creada.

SQL>  insert into visitantes (nombre, ciudad, montocompra)
  2    values ('Alejandra Gonzalez','La Falda',280.50);

1 fila creada.

SQL>  insert into visitantes (nombre, edad,sexo, ciudad, mail,montocompra)
  2    values ('Gaston Perez',29,'m','Carlos Paz','gastonperez1@gmail.com',95.40);

1 fila creada.

SQL>  insert into visitantes
  2    values ('Liliana Torres',40,default,'Sarmiento 876',default,default,default,85);

1 fila creada.

SQL>  insert into visitantes
  2    values ('Gabriela Duarte',21,null,null,'Rio Tercero',default,'gabrielaltorres@hotmail.com',321.50);

1 fila creada.

SQL> select * from visitantes;

NOMBRE                               EDAD S DOMICILIO                      CIUDAD               TELEFONO    MAIL                           MONTOCOMPRA                                                  
------------------------------ ---------- - ------------------------------ -------------------- ----------- ------------------------------ -----------                                                  
Susana Molina                          35 f Colon 123                      Cordoba                                                                59,8                                                  
Marcos Torres                          29 m                                Carlos Paz                       marcostorres@hotmail.com             150,5                                                  
Mariana Juarez                         45 f                                Carlos Paz                       no tiene                              23,9                                                  
Fabian Perez                           36 m                                Cordoba              4556677     fabianperez@xaxamail.com                                                                    
Alejandra Gonzalez                        f                                La Falda                         no tiene                             280,5                                                  
Gaston Perez                           29 m                                Carlos Paz                       gastonperez1@gmail.com                95,4                                                  
Liliana Torres                         40 f Sarmiento 876                  Cordoba                          no tiene                                85                                                  
Gabriela Duarte                        21                                  Rio Tercero                      gabrielaltorres@hotmail.com          321,5                                                  

8 filas seleccionadas.

SQL> select ciudad, count(*) from visitantes group by ciudad;

CIUDAD                 COUNT(*)                                                                                                                                                                         
-------------------- ----------                                                                                                                                                                         
La Falda                      1                                                                                                                                                                         
Rio Tercero                   1                                                                                                                                                                         
Cordoba                       3                                                                                                                                                                         
Carlos Paz                    3                                                                                                                                                                         

SQL> select count(*) from visitantes;

  COUNT(*)                                                                                                                                                                                              
----------                                                                                                                                                                                              
         8                                                                                                                                                                                              

SQL> select ciudad, count(*) from visitantes group by ciudad;

CIUDAD                 COUNT(*)                                                                                                                                                                         
-------------------- ----------                                                                                                                                                                         
La Falda                      1                                                                                                                                                                         
Rio Tercero                   1                                                                                                                                                                         
Cordoba                       3                                                                                                                                                                         
Carlos Paz                    3                                                                                                                                                                         

SQL> select ciudad, count (telefono) from visitantes
  2  group by ciudad;

CIUDAD               COUNT(TELEFONO)                                                                                                                                                                    
-------------------- ---------------                                                                                                                                                                    
La Falda                           0                                                                                                                                                                    
Rio Tercero                        0                                                                                                                                                                    
Cordoba                            1                                                                                                                                                                    
Carlos Paz                         0                                                                                                                                                                    

SQL> select ciudad, count (domicilio) from visitantes
  2  group by ciudad;

CIUDAD               COUNT(DOMICILIO)                                                                                                                                                                   
-------------------- ----------------                                                                                                                                                                   
La Falda                            0                                                                                                                                                                   
Rio Tercero                         0                                                                                                                                                                   
Cordoba                             2                                                                                                                                                                   
Carlos Paz                          0                                                                                                                                                                   

SQL> select sexo, sum(montocompra) from visitantes group by sexo;

S SUM(MONTOCOMPRA)                                                                                                                                                                                      
- ----------------                                                                                                                                                                                      
             321,5                                                                                                                                                                                      
f            449,2                                                                                                                                                                                      
m            245,9                                                                                                                                                                                      

SQL> select sexo, sum(montocompra) from visitantes group by sexo where sexo is not null;
select sexo, sum(montocompra) from visitantes group by sexo where sexo is not null
                                                            *
ERROR en línea 1:
ORA-00933: comando SQL no terminado correctamente 


SQL> select sexo, sum(montocompra) from visitantes where sexo is not null group by sexo;

S SUM(MONTOCOMPRA)                                                                                                                                                                                      
- ----------------                                                                                                                                                                                      
f            449,2                                                                                                                                                                                      
m            245,9                                                                                                                                                                                      

SQL> select sexo, ciudad, max(montocompra) as "Mayor", min (montocompra) as "Menor" from visitantes where sexo is not null and ciudad is not null group by ciudad, sexo;

S CIUDAD                    Mayor      Menor                                                                                                                                                            
- -------------------- ---------- ----------                                                                                                                                                            
f La Falda                  280,5      280,5                                                                                                                                                            
m Cordoba                                                                                                                                                                                               
f Carlos Paz                 23,9       23,9                                                                                                                                                            
m Carlos Paz                150,5       95,4                                                                                                                                                            
f Cordoba                      85       59,8                                                                                                                                                            

SQL> select * from visitantes;

NOMBRE                               EDAD S DOMICILIO                      CIUDAD               TELEFONO    MAIL                           MONTOCOMPRA                                                  
------------------------------ ---------- - ------------------------------ -------------------- ----------- ------------------------------ -----------                                                  
Susana Molina                          35 f Colon 123                      Cordoba                                                                59,8                                                  
Marcos Torres                          29 m                                Carlos Paz                       marcostorres@hotmail.com             150,5                                                  
Mariana Juarez                         45 f                                Carlos Paz                       no tiene                              23,9                                                  
Fabian Perez                           36 m                                Cordoba              4556677     fabianperez@xaxamail.com                                                                    
Alejandra Gonzalez                        f                                La Falda                         no tiene                             280,5                                                  
Gaston Perez                           29 m                                Carlos Paz                       gastonperez1@gmail.com                95,4                                                  
Liliana Torres                         40 f Sarmiento 876                  Cordoba                          no tiene                                85                                                  
Gabriela Duarte                        21                                  Rio Tercero                      gabrielaltorres@hotmail.com          321,5                                                  

8 filas seleccionadas.

SQL>  create table clientes (
  2    nombre varchar2(30) not null,
  3    domicilio varchar2(30),
  4    ciudad varchar2(20),
  5    provincia varchar2(20),
  6    telefono varchar2(11)
  7  );

Tabla creada.

SQL> 
SQL>  insert into clientes
  2    values ('Lopez Marcos','Colon 111','Cordoba','Cordoba','null');

1 fila creada.

SQL>  insert into clientes
  2    values ('Perez Ana','San Martin 222','Cruz del Eje','Cordoba','4578585');

1 fila creada.

SQL>  insert into clientes
  2    values ('Garcia Juan','Rivadavia 333','Villa del Rosario','Cordoba','4578445');

1 fila creada.

SQL>  insert into clientes
  2    values ('Perez Luis','Sarmiento 444','Rosario','Santa Fe',null);

1 fila creada.

SQL>  insert into clientes
  2    values ('Pereyra Lucas','San Martin 555','Cruz del Eje','Cordoba','4253685');

1 fila creada.

SQL>  insert into clientes
  2    values ('Gomez Ines','San Martin 666','Santa Fe','Santa Fe','0345252525');

1 fila creada.

SQL>  insert into clientes
  2    values ('Torres Fabiola','Alem 777','Villa del Rosario','Cordoba','4554455');

1 fila creada.

SQL>  insert into clientes
  2    values ('Lopez Carlos',null,'Cruz del Eje','Cordoba',null);

1 fila creada.

SQL>  insert into clientes
  2    values ('Ramos Betina','San Martin 999','Cordoba','Cordoba','4223366');

1 fila creada.

SQL>  insert into clientes
  2    values ('Lopez Lucas','San Martin 1010','Posadas','Misiones','0457858745');

1 fila creada.

SQL>  select * from clientes;

NOMBRE                         DOMICILIO                      CIUDAD               PROVINCIA            TELEFONO                                                                                        
------------------------------ ------------------------------ -------------------- -------------------- -----------                                                                                     
Lopez Marcos                   Colon 111                      Cordoba              Cordoba              null                                                                                            
Perez Ana                      San Martin 222                 Cruz del Eje         Cordoba              4578585                                                                                         
Garcia Juan                    Rivadavia 333                  Villa del Rosario    Cordoba              4578445                                                                                         
Perez Luis                     Sarmiento 444                  Rosario              Santa Fe                                                                                                             
Pereyra Lucas                  San Martin 555                 Cruz del Eje         Cordoba              4253685                                                                                         
Gomez Ines                     San Martin 666                 Santa Fe             Santa Fe             0345252525                                                                                      
Torres Fabiola                 Alem 777                       Villa del Rosario    Cordoba              4554455                                                                                         
Lopez Carlos                                                  Cruz del Eje         Cordoba                                                                                                              
Ramos Betina                   San Martin 999                 Cordoba              Cordoba              4223366                                                                                         
Lopez Lucas                    San Martin 1010                Posadas              Misiones             0457858745                                                                                      

10 filas seleccionadas.

SQL> select provincia, count (ciudad) from clientes group by provincia;

PROVINCIA            COUNT(CIUDAD)                                                                                                                                                                      
-------------------- -------------                                                                                                                                                                      
Santa Fe                         2                                                                                                                                                                      
Misiones                         1                                                                                                                                                                      
Cordoba                          7                                                                                                                                                                      

SQL> select provincia, max(ciudad), min(ciudad) from clientes group by provincia;

PROVINCIA            MAX(CIUDAD)          MIN(CIUDAD)                                                                                                                                                   
-------------------- -------------------- --------------------                                                                                                                                          
Santa Fe             Santa Fe             Rosario                                                                                                                                                       
Misiones             Posadas              Posadas                                                                                                                                                       
Cordoba              Villa del Rosario    Cordoba                                                                                                                                                       

SQL> select max(ciudad) from clientes;

MAX(CIUDAD)                                                                                                                                                                                             
--------------------                                                                                                                                                                                    
Villa del Rosario                                                                                                                                                                                       

SQL> select min(ciudad) from clientes;

MIN(CIUDAD)                                                                                                                                                                                             
--------------------                                                                                                                                                                                    
Cordoba                                                                                                                                                                                                 

SQL> select ciudad, provincia, count (*) as "Cantidad" from clientes group by ciudad, provincia;

CIUDAD               PROVINCIA              Cantidad                                                                                                                                                    
-------------------- -------------------- ----------                                                                                                                                                    
Cordoba              Cordoba                       2                                                                                                                                                    
Posadas              Misiones                      1                                                                                                                                                    
Villa del Rosario    Cordoba                       2                                                                                                                                                    
Cruz del Eje         Cordoba                       3                                                                                                                                                    
Rosario              Santa Fe                      1                                                                                                                                                    
Santa Fe             Santa Fe                      1                                                                                                                                                    

6 filas seleccionadas.

SQL> select ciudad, provincia, count (*) as "Cantidad" from clientes group by ciudad, provincia
  2  having count(*) > 1;

CIUDAD               PROVINCIA              Cantidad                                                                                                                                                    
-------------------- -------------------- ----------                                                                                                                                                    
Cordoba              Cordoba                       2                                                                                                                                                    
Villa del Rosario    Cordoba                       2                                                                                                                                                    
Cruz del Eje         Cordoba                       3                                                                                                                                                    

SQL> select ciudad, count(*) from clientes where domicilio like '%San Martin%' group by ciudad having count(*)<2 and ciudad not in ('Cordoba');

CIUDAD                 COUNT(*)                                                                                                                                                                         
-------------------- ----------                                                                                                                                                                         
Santa Fe                      1                                                                                                                                                                         
Posadas                       1                                                                                                                                                                         

SQL> select * from clientes;

NOMBRE                         DOMICILIO                      CIUDAD               PROVINCIA            TELEFONO                                                                                        
------------------------------ ------------------------------ -------------------- -------------------- -----------                                                                                     
Lopez Marcos                   Colon 111                      Cordoba              Cordoba              null                                                                                            
Perez Ana                      San Martin 222                 Cruz del Eje         Cordoba              4578585                                                                                         
Garcia Juan                    Rivadavia 333                  Villa del Rosario    Cordoba              4578445                                                                                         
Perez Luis                     Sarmiento 444                  Rosario              Santa Fe                                                                                                             
Pereyra Lucas                  San Martin 555                 Cruz del Eje         Cordoba              4253685                                                                                         
Gomez Ines                     San Martin 666                 Santa Fe             Santa Fe             0345252525                                                                                      
Torres Fabiola                 Alem 777                       Villa del Rosario    Cordoba              4554455                                                                                         
Lopez Carlos                                                  Cruz del Eje         Cordoba                                                                                                              
Ramos Betina                   San Martin 999                 Cordoba              Cordoba              4223366                                                                                         
Lopez Lucas                    San Martin 1010                Posadas              Misiones             0457858745                                                                                      

10 filas seleccionadas.

SQL>  select ciudad, count(*) from clientes where domicilio like '%San Martin%' group by ciudad having count(*)<2 and ciudad not in ('Cordoba');

CIUDAD                 COUNT(*)                                                                                                                                                                         
-------------------- ----------                                                                                                                                                                         
Santa Fe                      1                                                                                                                                                                         
Posadas                       1                                                                                                                                                                         

SQL> rem AGRUPO EL CONTEO POR CIUDAD, CUANTAS CIUDADES HAY CON EL MISMO NOMBRE, PERO DONDE EL DOMICIO ESTE EN SAN MARTIN, Y DONDE NO HAYA MAS DE 2 CIUDADES, Y DONDE NO SEA EN NINGUNA CIUDAD LLAMADA CORDOBA
SQL> SELECT DISTINCT PROVINCIA FROM CLIENTES;

PROVINCIA                                                                                                                                                                                               
--------------------                                                                                                                                                                                    
Santa Fe                                                                                                                                                                                                
Misiones                                                                                                                                                                                                
Cordoba                                                                                                                                                                                                 

SQL> SELECT DISTINCT CIUDAD FROM CLIENTES;

CIUDAD                                                                                                                                                                                                  
--------------------                                                                                                                                                                                    
Villa del Rosario                                                                                                                                                                                       
Santa Fe                                                                                                                                                                                                
Rosario                                                                                                                                                                                                 
Cordoba                                                                                                                                                                                                 
Cruz del Eje                                                                                                                                                                                            
Posadas                                                                                                                                                                                                 

6 filas seleccionadas.

SQL> SELECT COUNT (DISTINCT PROVINCIA) AS CANTIDAD FROM CLIENTES;

  CANTIDAD                                                                                                                                                                                              
----------                                                                                                                                                                                              
         3                                                                                                                                                                                              

SQL> SELECT DISTINCT CIUDAD FROM CLIENTES
  2  WHERE PROVINCIA IN ('CORDOBA');

ninguna fila seleccionada

SQL> SELECT DISTINCT CIUDAD FROM CLIENTES
  2  WHERE PROVINCIA IN ('Cordoba');

CIUDAD                                                                                                                                                                                                  
--------------------                                                                                                                                                                                    
Villa del Rosario                                                                                                                                                                                       
Cordoba                                                                                                                                                                                                 
Cruz del Eje                                                                                                                                                                                            

SQL> exit
