SQL> connect adrian
Conectado.
SQL> REM 1.- Visualizar los departamentos en los que el salario medio
SQL> REM 1.- Visualizar los departamentos en los que el salario medio es mayor o igual que la media de todos los salarios;
SQL> select * from emple;

    EMP_NO APELLIDO   OFICIO            DIR FECHA_AL    SALARIO   COMISION      
---------- ---------- ---------- ---------- -------- ---------- ----------      
   DEPT_NO                                                                      
----------                                                                      
      7369 SµNCHEZ    EMPLEADO         7902 17/12/80     104000                 
        20                                                                      
                                                                                
      7499 ARROYO     VENDEDOR         7698 20/02/80     208000      39000      
        30                                                                      
                                                                                
      7521 SALA       VENDEDOR         7698 22/02/81     162500      65000      
        30                                                                      
                                                                                

    EMP_NO APELLIDO   OFICIO            DIR FECHA_AL    SALARIO   COMISION      
---------- ---------- ---------- ---------- -------- ---------- ----------      
   DEPT_NO                                                                      
----------                                                                      
      7566 JIMNEZ    DIRECTOR         7839 02/04/81     386750                 
        20                                                                      
                                                                                
      7654 MARTÖN     VENDEDOR         7698 29/09/81     162500     182000      
        30                                                                      
                                                                                
      7698 NEGRO      DIRECTOR         7839 01/05/81     370500                 
        30                                                                      
                                                                                

    EMP_NO APELLIDO   OFICIO            DIR FECHA_AL    SALARIO   COMISION      
---------- ---------- ---------- ---------- -------- ---------- ----------      
   DEPT_NO                                                                      
----------                                                                      
      7782 CEREZO     DIRECTOR         7839 09/06/81     318500                 
        10                                                                      
                                                                                
      7788 GIL        ANALISTA         7566 09/11/81     390000                 
        20                                                                      
                                                                                
      7839 REY        PRESIDENTE            17/11/81      50000                 
        10                                                                      
                                                                                

    EMP_NO APELLIDO   OFICIO            DIR FECHA_AL    SALARIO   COMISION      
---------- ---------- ---------- ---------- -------- ---------- ----------      
   DEPT_NO                                                                      
----------                                                                      
      7844 TOVAR      VENDEDOR         7698 08/09/81     195000          0      
        30                                                                      
                                                                                
      7876 ALONSO     EMPLEADO         7788 23/09/81     143000                 
        20                                                                      
                                                                                
      7900 JIMENO     EMPLEADO         7698 03/12/81     123500                 
        30                                                                      
                                                                                

    EMP_NO APELLIDO   OFICIO            DIR FECHA_AL    SALARIO   COMISION      
---------- ---------- ---------- ---------- -------- ---------- ----------      
   DEPT_NO                                                                      
----------                                                                      
      7902 FERNµNDEZ  ANALISTA         7566 03/12/81     390000                 
        20                                                                      
                                                                                
      7934 MU¥OZ      EMPLEADO         7782 23/01/82     169000                 
        10                                                                      
                                                                                

14 filas seleccionadas.

SQL> set pagesize 200
SQL> set linesize 200
SQL> REM 1.- Visualizar los departamentos en los que el salario medio es mayor o igual que la media de todos los salarios;
SQL> select * from emple;

    EMP_NO APELLIDO   OFICIO            DIR FECHA_AL    SALARIO   COMISION    DEPT_NO                                                                                                                   
---------- ---------- ---------- ---------- -------- ---------- ---------- ----------                                                                                                                   
      7369 SµNCHEZ    EMPLEADO         7902 17/12/80     104000                    20                                                                                                                   
      7499 ARROYO     VENDEDOR         7698 20/02/80     208000      39000         30                                                                                                                   
      7521 SALA       VENDEDOR         7698 22/02/81     162500      65000         30                                                                                                                   
      7566 JIMNEZ    DIRECTOR         7839 02/04/81     386750                    20                                                                                                                   
      7654 MARTÖN     VENDEDOR         7698 29/09/81     162500     182000         30                                                                                                                   
      7698 NEGRO      DIRECTOR         7839 01/05/81     370500                    30                                                                                                                   
      7782 CEREZO     DIRECTOR         7839 09/06/81     318500                    10                                                                                                                   
      7788 GIL        ANALISTA         7566 09/11/81     390000                    20                                                                                                                   
      7839 REY        PRESIDENTE            17/11/81      50000                    10                                                                                                                   
      7844 TOVAR      VENDEDOR         7698 08/09/81     195000          0         30                                                                                                                   
      7876 ALONSO     EMPLEADO         7788 23/09/81     143000                    20                                                                                                                   
      7900 JIMENO     EMPLEADO         7698 03/12/81     123500                    30                                                                                                                   
      7902 FERNµNDEZ  ANALISTA         7566 03/12/81     390000                    20                                                                                                                   
      7934 MU¥OZ      EMPLEADO         7782 23/01/82     169000                    10                                                                                                                   

14 filas seleccionadas.

SQL> SELECT DEPT_NO, AVG(SALARIO) FROM EMPLE WHERE GROUP BY DEPT_NO;
SELECT DEPT_NO, AVG(SALARIO) FROM EMPLE WHERE GROUP BY DEPT_NO
                                              *
ERROR en línea 1:
ORA-00936: falta una expresión 


SQL> SELECT DEPT_NO, AVG(SALARIO) FROM EMPLE GROUP BY DEPT_NO;

   DEPT_NO AVG(SALARIO)                                                                                                                                                                                 
---------- ------------                                                                                                                                                                                 
        30   203666,667                                                                                                                                                                                 
        20       282750                                                                                                                                                                                 
        10   179166,667                                                                                                                                                                                 

SQL> select AVG (SALARIO) FROM EMPLE;

AVG(SALARIO)                                                                                                                                                                                            
------------                                                                                                                                                                                            
  226660,714                                                                                                                                                                                            

SQL> SELECT DEPT_NO, AVG(SALARIO) FROM EMPLE WHERE GROUP BY DEPT_NO HAVING AVG (SALARIO) >= (SELECT AVG(SALARIO) FROM EMPLE);
SELECT DEPT_NO, AVG(SALARIO) FROM EMPLE WHERE GROUP BY DEPT_NO HAVING AVG (SALARIO) >= (SELECT AVG(SALARIO) FROM EMPLE)
                                              *
ERROR en línea 1:
ORA-00936: falta una expresión 


SQL> SELECT DEPT_NO, AVG(SALARIO) FROM EMPLE GROUP BY DEPT_NO HAVING AVG (SALARIO) >= (SELECT AVG(SALARIO) FROM EMPLE);

   DEPT_NO AVG(SALARIO)                                                                                                                                                                                 
---------- ------------                                                                                                                                                                                 
        20       282750                                                                                                                                                                                 

SQL> REM 2.- A partir de la tabla emple, visualizar el n£mero de venderores del departamentos 'VENTAS';
SQL> SELECT EMP_NO, COUNT (*) FROM EMPLE WHERE DEPT_NO IN (
  2  SELECT DEPT_NO FROM DEPART WHERE DNOMBRE = 'VENTAS') GROUP BY EMP_NO;

    EMP_NO   COUNT(*)                                                                                                                                                                                   
---------- ----------                                                                                                                                                                                   
      7499          1                                                                                                                                                                                   
      7521          1                                                                                                                                                                                   
      7654          1                                                                                                                                                                                   
      7698          1                                                                                                                                                                                   
      7844          1                                                                                                                                                                                   
      7900          1                                                                                                                                                                                   

6 filas seleccionadas.

SQL> SELECT DEPT_NO, COUNT (*) FROM EMPLE WHERE DEPT_NO IN (
  2  SELECT DEPT_NO FROM DEPART WHERE DNOMBRE = 'VENTAS') GROUP BY EMP_NO;
SELECT DEPT_NO, COUNT (*) FROM EMPLE WHERE DEPT_NO IN (
       *
ERROR en línea 1:
ORA-00979: no es una expresión GROUP BY 


SQL> SELECT EMP_NO, COUNT (*) FROM EMPLE WHERE DEPT_NO IN (
  2  SELECT DEPT_NO FROM DEPART WHERE DNOMBRE = 'VENTAS') GROUP BY EMP_NO, COUNT (*);
SELECT DEPT_NO FROM DEPART WHERE DNOMBRE = 'VENTAS') GROUP BY EMP_NO, COUNT (*)
                                                                      *
ERROR en línea 2:
ORA-00934: función de grupo no permitida aquí 


SQL>  select count(*) from emple
  2  where dept_no =
  3  (select dept_no
  4  from depart where dnombre ='VENTAS'
  5  and oficio = 'VENDEDOR');

  COUNT(*)                                                                                                                                                                                              
----------                                                                                                                                                                                              
         4                                                                                                                                                                                              

SQL> REM 3.- Partiendo de la tabla EMPLE, visualizar por cada oficio de los empleados del departamento 'VENTAS' la suma de salarios.
SQL> SELECT AVG(SALARIO) FROM EMPLE WHERE DEPT_NO IN (SELECT DEPT_NO FROM DEPART WHERE DNOMBRE = 'VENTAS') GROUP BY OFICIO;+
  2  
SQL> SELECT AVG(SALARIO) FROM EMPLE WHERE DEPT_NO IN (SELECT DEPT_NO FROM DEPART WHERE DNOMBRE = 'VENTAS') GROUP BY OFICIO;

AVG(SALARIO)                                                                                                                                                                                            
------------                                                                                                                                                                                            
      182000                                                                                                                                                                                            
      123500                                                                                                                                                                                            
      370500                                                                                                                                                                                            

SQL> REM 4.- seleccionar aquellos apellidos de la tabla EMPLE cuyo salario sea igual a la media de su salario en su departamento.
SQL> SELECT APELLIDO,SALARIO FROM EMPLE WHERE SALARIO IN (SELECT AVG(SALARIO) FROM EMPLE GROUP BY DEPT_NO) AND DEPT_NO (SELECT AVG (SALARIO) FROM EMPLE GROUP BY DEPT_NO);
SELECT APELLIDO,SALARIO FROM EMPLE WHERE SALARIO IN (SELECT AVG(SALARIO) FROM EMPLE GROUP BY DEPT_NO) AND DEPT_NO (SELECT AVG (SALARIO) FROM EMPLE GROUP BY DEPT_NO)
                                                                                                                   *
ERROR en línea 1:
ORA-00936: falta una expresión 


SQL> SELECT APELLIDO,SALARIO FROM EMPLE WHERE SALARIO IN (SELECT AVG(SALARIO) FROM EMPLE GROUP BY DEPT_NO) AND DEPT_NO IN (SELECT AVG (SALARIO) FROM EMPLE GROUP BY DEPT_NO);

ninguna fila seleccionada

SQL>  select apellido, salario
  2  from emple where (salario,dept_no) in
  3  (select avg(salario),dept_no
  4  from emple group by dept_no);

ninguna fila seleccionada

SQL> REM 5.- A partir de la tabla emple, visualizar el numero de empleados de cada departamento cuyo oficio sea 'EMPLEADO'
SQL> SELECT APELLIDOS, COUNT (*) FROM EMPLE WHERE OFICIO = 'EMPLEADO';
SELECT APELLIDOS, COUNT (*) FROM EMPLE WHERE OFICIO = 'EMPLEADO'
       *
ERROR en línea 1:
ORA-00904: "APELLIDOS": identificador no válido 


SQL> SELECT APELLIDO, COUNT (*) FROM EMPLE WHERE OFICIO = 'EMPLEADO';
SELECT APELLIDO, COUNT (*) FROM EMPLE WHERE OFICIO = 'EMPLEADO'
       *
ERROR en línea 1:
ORA-00937: la función de grupo no es de grupo único 


SQL> SELECT APELLIDO, COUNT (*) FROM EMPLE WHERE OFICIO = 'EMPLEADO' GROUP BY APELLIDO;

APELLIDO     COUNT(*)                                                                                                                                                                                   
---------- ----------                                                                                                                                                                                   
MU¥OZ               1                                                                                                                                                                                   
SµNCHEZ             1                                                                                                                                                                                   
ALONSO              1                                                                                                                                                                                   
JIMENO              1                                                                                                                                                                                   

SQL> SELECT DEPT_NO, COUNT (*) FROM EMPLE WHERE OFICIO = 'EMPLEADO' GROUP BY APELLIDO;
SELECT DEPT_NO, COUNT (*) FROM EMPLE WHERE OFICIO = 'EMPLEADO' GROUP BY APELLIDO
       *
ERROR en línea 1:
ORA-00979: no es una expresión GROUP BY 


SQL> SELECT DEPT_NO, COUNT (*) FROM EMPLE WHERE OFICIO = 'EMPLEADO' GROUP BY DEPT_NO;

   DEPT_NO   COUNT(*)                                                                                                                                                                                   
---------- ----------                                                                                                                                                                                   
        30          1                                                                                                                                                                                   
        20          2                                                                                                                                                                                   
        10          1                                                                                                                                                                                   

SQL> REM 6.- Desde la tabla EMPLE, visualizar el departamento que tenga m s empleados cuyo oficio sea 'EMPLEADO'
SQL> SELECT DEPT_NO, MAX(APELLIDO) FROM EMPLE WHERE OFICIO = 'EMPLEADO' GROUP BY DEPT_NO;

   DEPT_NO MAX(APELLI                                                                                                                                                                                   
---------- ----------                                                                                                                                                                                   
        30 JIMENO                                                                                                                                                                                       
        20 SµNCHEZ                                                                                                                                                                                      
        10 MU¥OZ                                                                                                                                                                                        

SQL> SELECT DEPT_NO, COUNT(*) FROM EMPLE WHERE OFICIO = 'EMPLEADO' GROUP BY DEPT_NO;

   DEPT_NO   COUNT(*)                                                                                                                                                                                   
---------- ----------                                                                                                                                                                                   
        30          1                                                                                                                                                                                   
        20          2                                                                                                                                                                                   
        10          1                                                                                                                                                                                   

SQL> SELECT DEPT_NO, COUNT(*) FROM EMPLE WHERE OFICIO = 'EMPLEADO' GROUP BY DEPT_NO
  2  HAVING COUNT(*) = (SELECT MAX(COUNT(*)) FROM EMPLE WHERE OFICIO IN ('EMPLEADO') GROUP BY DEPT_NO);

   DEPT_NO   COUNT(*)                                                                                                                                                                                   
---------- ----------                                                                                                                                                                                   
        20          2                                                                                                                                                                                   

SQL> SELECT MAX(COUNT(*)) FROM EMPLE WHERE OFICIO IN ('EMPLEADO') GROUP BY DEPT_NO;

MAX(COUNT(*))                                                                                                                                                                                           
-------------                                                                                                                                                                                           
            2                                                                                                                                                                                           

SQL> SELECT * FROM EMPLE;

    EMP_NO APELLIDO   OFICIO            DIR FECHA_AL    SALARIO   COMISION    DEPT_NO                                                                                                                   
---------- ---------- ---------- ---------- -------- ---------- ---------- ----------                                                                                                                   
      7369 SµNCHEZ    EMPLEADO         7902 17/12/80     104000                    20                                                                                                                   
      7499 ARROYO     VENDEDOR         7698 20/02/80     208000      39000         30                                                                                                                   
      7521 SALA       VENDEDOR         7698 22/02/81     162500      65000         30                                                                                                                   
      7566 JIMNEZ    DIRECTOR         7839 02/04/81     386750                    20                                                                                                                   
      7654 MARTÖN     VENDEDOR         7698 29/09/81     162500     182000         30                                                                                                                   
      7698 NEGRO      DIRECTOR         7839 01/05/81     370500                    30                                                                                                                   
      7782 CEREZO     DIRECTOR         7839 09/06/81     318500                    10                                                                                                                   
      7788 GIL        ANALISTA         7566 09/11/81     390000                    20                                                                                                                   
      7839 REY        PRESIDENTE            17/11/81      50000                    10                                                                                                                   
      7844 TOVAR      VENDEDOR         7698 08/09/81     195000          0         30                                                                                                                   
      7876 ALONSO     EMPLEADO         7788 23/09/81     143000                    20                                                                                                                   
      7900 JIMENO     EMPLEADO         7698 03/12/81     123500                    30                                                                                                                   
      7902 FERNµNDEZ  ANALISTA         7566 03/12/81     390000                    20                                                                                                                   
      7934 MU¥OZ      EMPLEADO         7782 23/01/82     169000                    10                                                                                                                   

14 filas seleccionadas.

SQL> 
SQL> REM 7.- A partir de las tablas EMPLE y DEPART, visualizar el n£mero de departamento y el nombre de departamento que tenga m s empleados cuyo oficio sea 'EMPLEADO'
SQL> SELECT * FROM EMPLE,
  2  
SQL> SELECT * FROM EMPLE;

    EMP_NO APELLIDO   OFICIO            DIR FECHA_AL    SALARIO   COMISION    DEPT_NO                                                                                                                   
---------- ---------- ---------- ---------- -------- ---------- ---------- ----------                                                                                                                   
      7369 SµNCHEZ    EMPLEADO         7902 17/12/80     104000                    20                                                                                                                   
      7499 ARROYO     VENDEDOR         7698 20/02/80     208000      39000         30                                                                                                                   
      7521 SALA       VENDEDOR         7698 22/02/81     162500      65000         30                                                                                                                   
      7566 JIMNEZ    DIRECTOR         7839 02/04/81     386750                    20                                                                                                                   
      7654 MARTÖN     VENDEDOR         7698 29/09/81     162500     182000         30                                                                                                                   
      7698 NEGRO      DIRECTOR         7839 01/05/81     370500                    30                                                                                                                   
      7782 CEREZO     DIRECTOR         7839 09/06/81     318500                    10                                                                                                                   
      7788 GIL        ANALISTA         7566 09/11/81     390000                    20                                                                                                                   
      7839 REY        PRESIDENTE            17/11/81      50000                    10                                                                                                                   
      7844 TOVAR      VENDEDOR         7698 08/09/81     195000          0         30                                                                                                                   
      7876 ALONSO     EMPLEADO         7788 23/09/81     143000                    20                                                                                                                   
      7900 JIMENO     EMPLEADO         7698 03/12/81     123500                    30                                                                                                                   
      7902 FERNµNDEZ  ANALISTA         7566 03/12/81     390000                    20                                                                                                                   
      7934 MU¥OZ      EMPLEADO         7782 23/01/82     169000                    10                                                                                                                   

14 filas seleccionadas.

SQL> SELECT * FROM DEPART;

   DEPT_NO DNOMBRE        LOC                                                                                                                                                                           
---------- -------------- --------------                                                                                                                                                                
        10 CONTABILIDAD   SEVILLA                                                                                                                                                                       
        20 INVESTIGACIàN  MADRID                                                                                                                                                                        
        30 VENTAS         BARCELONA                                                                                                                                                                     
        40 PRODUCCIàN     BILBAO                                                                                                                                                                        
        50 otros                                                                                                                                                                                        

SQL> SELECT DEPT_NO, DNOMBRE FROM EMPLE, COUNT(*) FROM DEPART,EMPLE WHERE OFICIO IN ('EMPLEADO') GROUP BY DEPT_NO, DNOMBRE;
SELECT DEPT_NO, DNOMBRE FROM EMPLE, COUNT(*) FROM DEPART,EMPLE WHERE OFICIO IN ('EMPLEADO') GROUP BY DEPT_NO, DNOMBRE
                                         *
ERROR en línea 1:
ORA-00933: comando SQL no terminado correctamente 


SQL> SELECT DEPT_NO, DNOMBRE, COUNT(*) FROM DEPART,EMPLE WHERE OFICIO IN ('EMPLEADO') GROUP BY DEPT_NO, DNOMBRE;
SELECT DEPT_NO, DNOMBRE, COUNT(*) FROM DEPART,EMPLE WHERE OFICIO IN ('EMPLEADO') GROUP BY DEPT_NO, DNOMBRE
                                                                                          *
ERROR en línea 1:
ORA-00918: columna definida de forma ambigua 


SQL> SELECT EMPLE.DEPT_NO, DEPART.DNOMBRE, COUNT(*) FROM DEPART,EMPLE WHERE OFICIO IN ('EMPLEADO') GROUP BY DEPT_NO, DNOMBRE;
SELECT EMPLE.DEPT_NO, DEPART.DNOMBRE, COUNT(*) FROM DEPART,EMPLE WHERE OFICIO IN ('EMPLEADO') GROUP BY DEPT_NO, DNOMBRE
                                                                                                       *
ERROR en línea 1:
ORA-00918: columna definida de forma ambigua 


SQL> EXIT
